---
source: src/diagrams/state/mod.rs
expression: out
---
                                      +------------+
                                *────>|    Idle    |
                                      +------------+
                                             |
                                             -start-
                                                   |
                                            +------v-----+
                                            |  Running   |
                                            +------------+
                                                   |
                                                finish
                                                    |
                                             +------v-----+
                                             |+----------+|
                                             ||   Done   ||
                                             |+----------+|
                                             +------------+
