---
source: src/diagrams/flowchart.rs
expression: out
---
                 +----+
                 | D  |-------------------------+
                 +----+                         |
                    |                           |
             down rider one                     |
                    |                           |
                 +----+                         |
                 | X  |                         |
                 +----+                         |
                    |                           |
                    +----------------------v    |
                    |                   +----+  |
                    |                   | Y  |  |
                    |                   +----+  |
             down rider two                     |
                 +----+                 +----+  |
                 | Z  |                 | B  |<-+
                 +----+                 +----+
