---
source: src/diagrams/flowchart.rs
expression: out
---
                 +----+
                 | S  |-----------+alpha beta gamma delta epsilon zeta eta
                 +----+           |
                    |             |
                    +--------v    |
                 +----+   +----+  |
                 | X  |   | T2 |  |
                 +----+   +----+  |
                                  |
                                  |
                 +----+           |
                 | T  |<----------+
                 +----+
